2026-06-25T14:53:52.449343Z  INFO sanshain_service::infrastructure::sqlite_repository: Running SQLite migrations...
2026-06-25T14:53:52.453711Z  INFO sanshain_service: Using SQLite database backend
2026-06-25T14:53:52.454996Z  INFO sanshain_service: In-memory cache enabled with 256 MB limit
2026-06-25T14:53:52.456191Z  WARN sanshain_service: SECURITY WARNING: dev_mode is ENABLED - API endpoints accept unauthenticated requests. Disable it in production.
SECURITY WARNING: dev_mode is ENABLED - API endpoints accept unauthenticated requests. Disable it in production.
2026-06-25T14:53:52.456293Z  INFO sanshain_service: Instance ID: 56502006-ac3b-4c01-bf65-14f9d8de6b14
2026-06-25T14:53:52.888599Z  WARN sanshain_service: SECURITY WARNING: binding to all interfaces (0.0.0.0:3000). Set BIND_ADDRESS=127.0.0.1:3000 to restrict access to localhost.
SECURITY WARNING: binding to all interfaces (0.0.0.0:3000). Set BIND_ADDRESS=127.0.0.1:3000 to restrict access to localhost.
2026-06-25T14:53:52.888669Z  INFO sanshain_service: Listening on 0.0.0.0:3000
2026-06-25T14:53:57.450104Z  INFO request{method=GET uri=/admin/observability/stats version=HTTP/1.1}: tower_http::trace::on_response: finished processing request latency=2 ms status=200
2026-06-25T14:53:57.452251Z  INFO request{method=GET uri=/admin/observability/logs version=HTTP/1.1}: tower_http::trace::on_response: finished processing request latency=2 ms status=200
2026-06-25T14:53:57.454745Z  INFO request{method=GET uri=/admin/observability/audit-logs version=HTTP/1.1}: tower_http::trace::on_response: finished processing request latency=3 ms status=200
2026-06-25T14:54:02.444816Z  INFO request{method=GET uri=/admin/observability/stats version=HTTP/1.1}: tower_http::trace::on_response: finished processing request latency=1 ms status=200
2026-06-25T14:54:02.447297Z  INFO request{method=GET uri=/admin/observability/logs version=HTTP/1.1}: tower_http::trace::on_response: finished processing request latency=1 ms status=200
2026-06-25T14:54:02.454576Z  INFO request{method=GET uri=/admin/observability/audit-logs version=HTTP/1.1}: tower_http::trace::on_response: finished processing request latency=3 ms status=200
2026-06-25T14:54:02.510246Z  INFO request{method=POST uri=/provide version=HTTP/1.1}: tower_http::trace::on_response: finished processing request latency=17 ms status=202
2026-06-25T14:54:07.446500Z  INFO request{method=GET uri=/admin/observability/stats version=HTTP/1.1}: tower_http::trace::on_response: finished processing request latency=2 ms status=200
2026-06-25T14:54:07.448066Z  INFO request{method=GET uri=/admin/observability/logs version=HTTP/1.1}: tower_http::trace::on_response: finished processing request latency=1 ms status=200
2026-06-25T14:54:07.451563Z  INFO request{method=GET uri=/admin/observability/audit-logs version=HTTP/1.1}: tower_http::trace::on_response: finished processing request latency=2 ms status=200
2026-06-25T14:54:11.603335Z  INFO request{method=POST uri=/provide version=HTTP/1.1}:provide_spec_inner: sanshain_service::application::spec_service: Spec update is backward-compatible for protected branch 'main'
2026-06-25T14:54:11.605582Z  INFO request{method=POST uri=/provide version=HTTP/1.1}: tower_http::trace::on_response: finished processing request latency=23 ms status=202
2026-06-25T14:54:11.634350Z  INFO request{method=GET uri=/require?clientname=test-client&servicename=config-service&branch=main&path=%2fapi%2fv1%2fresource&method=GET version=HTTP/1.1}: tower_http::trace::on_response: finished processing request latency=14 ms status=200
2026-06-25T14:54:12.518319Z  INFO request{method=GET uri=/admin/observability/stats version=HTTP/1.1}: tower_http::trace::on_response: finished processing request latency=2 ms status=200
2026-06-25T14:54:12.520534Z  INFO request{method=GET uri=/admin/observability/logs version=HTTP/1.1}: tower_http::trace::on_response: finished processing request latency=1 ms status=200
2026-06-25T14:54:12.524907Z  INFO request{method=GET uri=/admin/observability/audit-logs version=HTTP/1.1}: tower_http::trace::on_response: finished processing request latency=2 ms status=200
2026-06-25T14:54:14.182209Z  INFO request{method=POST uri=/provide version=HTTP/1.1}:provide_spec_inner: sanshain_service::application::spec_service: Spec update is backward-compatible for protected branch 'main'
2026-06-25T14:54:14.190463Z  INFO request{method=POST uri=/provide version=HTTP/1.1}: tower_http::trace::on_response: finished processing request latency=16 ms status=202
2026-06-25T14:54:14.224411Z  INFO request{method=POST uri=/provide version=HTTP/1.1}: tower_http::trace::on_response: finished processing request latency=13 ms status=202
2026-06-25T14:54:14.257367Z  INFO request{method=POST uri=/provide version=HTTP/1.1}: tower_http::trace::on_response: finished processing request latency=12 ms status=202
2026-06-25T14:54:14.288186Z  INFO request{method=POST uri=/provide version=HTTP/1.1}: tower_http::trace::on_response: finished processing request latency=13 ms status=202
2026-06-25T14:54:14.319650Z  INFO request{method=POST uri=/provide version=HTTP/1.1}: tower_http::trace::on_response: finished processing request latency=12 ms status=202
2026-06-25T14:54:14.351293Z  INFO request{method=POST uri=/provide version=HTTP/1.1}: tower_http::trace::on_response: finished processing request latency=12 ms status=202
2026-06-25T14:54:14.381803Z  INFO request{method=POST uri=/provide version=HTTP/1.1}: tower_http::trace::on_response: finished processing request latency=12 ms status=202
2026-06-25T14:54:14.408754Z  INFO request{method=POST uri=/provide version=HTTP/1.1}: tower_http::trace::on_response: finished processing request latency=11 ms status=202
2026-06-25T14:54:14.441754Z  INFO request{method=POST uri=/provide version=HTTP/1.1}: tower_http::trace::on_response: finished processing request latency=12 ms status=202
2026-06-25T14:54:14.475407Z  INFO request{method=POST uri=/provide version=HTTP/1.1}: tower_http::trace::on_response: finished processing request latency=12 ms status=202
2026-06-25T14:54:14.508262Z  INFO request{method=POST uri=/provide version=HTTP/1.1}: tower_http::trace::on_response: finished processing request latency=14 ms status=202
2026-06-25T14:54:14.540695Z  INFO request{method=POST uri=/provide version=HTTP/1.1}: tower_http::trace::on_response: finished processing request latency=14 ms status=202
2026-06-25T14:54:14.569259Z  INFO request{method=POST uri=/provide version=HTTP/1.1}: tower_http::trace::on_response: finished processing request latency=11 ms status=202
2026-06-25T14:54:14.603631Z  INFO request{method=POST uri=/provide version=HTTP/1.1}: tower_http::trace::on_response: finished processing request latency=12 ms status=202
2026-06-25T14:54:14.637833Z  INFO request{method=POST uri=/provide version=HTTP/1.1}: tower_http::trace::on_response: finished processing request latency=12 ms status=202
2026-06-25T14:54:14.671936Z  INFO request{method=POST uri=/provide version=HTTP/1.1}: tower_http::trace::on_response: finished processing request latency=13 ms status=202
2026-06-25T14:54:14.702425Z  INFO request{method=POST uri=/provide version=HTTP/1.1}: tower_http::trace::on_response: finished processing request latency=11 ms status=202
2026-06-25T14:54:14.734505Z  INFO request{method=POST uri=/provide version=HTTP/1.1}: tower_http::trace::on_response: finished processing request latency=11 ms status=202
2026-06-25T14:54:14.766160Z  INFO request{method=POST uri=/provide version=HTTP/1.1}: tower_http::trace::on_response: finished processing request latency=11 ms status=202
2026-06-25T14:54:14.799064Z  INFO request{method=POST uri=/provide version=HTTP/1.1}: tower_http::trace::on_response: finished processing request latency=12 ms status=202
2026-06-25T14:54:14.843401Z  INFO request{method=POST uri=/provide version=HTTP/1.1}: tower_http::trace::on_response: finished processing request latency=26 ms status=202
2026-06-25T14:54:14.878858Z  INFO request{method=POST uri=/provide version=HTTP/1.1}: tower_http::trace::on_response: finished processing request latency=15 ms status=202
2026-06-25T14:54:14.910488Z  INFO request{method=POST uri=/provide version=HTTP/1.1}: tower_http::trace::on_response: finished processing request latency=14 ms status=202
2026-06-25T14:54:14.942132Z  INFO request{method=POST uri=/provide version=HTTP/1.1}: tower_http::trace::on_response: finished processing request latency=13 ms status=202
2026-06-25T14:54:14.973574Z  INFO request{method=POST uri=/provide version=HTTP/1.1}: tower_http::trace::on_response: finished processing request latency=12 ms status=202
2026-06-25T14:54:15.003681Z  INFO request{method=POST uri=/provide version=HTTP/1.1}: tower_http::trace::on_response: finished processing request latency=10 ms status=202
2026-06-25T14:54:15.035916Z  INFO request{method=POST uri=/provide version=HTTP/1.1}: tower_http::trace::on_response: finished processing request latency=11 ms status=202
2026-06-25T14:54:15.064772Z  INFO request{method=POST uri=/provide version=HTTP/1.1}: tower_http::trace::on_response: finished processing request latency=11 ms status=202
2026-06-25T14:54:15.097066Z  INFO request{method=POST uri=/provide version=HTTP/1.1}: tower_http::trace::on_response: finished processing request latency=12 ms status=202
2026-06-25T14:54:15.134875Z  INFO request{method=POST uri=/provide version=HTTP/1.1}: tower_http::trace::on_response: finished processing request latency=14 ms status=202
2026-06-25T14:54:15.155940Z  INFO request{method=GET uri=/require?clientname=frontend-ui&servicename=api-middleware&branch=main&path=%2fapi%2fv1%2fresource&method=GET version=HTTP/1.1}: tower_http::trace::on_response: finished processing request latency=7 ms status=200
2026-06-25T14:54:15.182671Z  INFO request{method=GET uri=/require?clientname=api-middleware&servicename=auth-service&branch=main&path=%2fapi%2fv1%2fresource&method=POST version=HTTP/1.1}: tower_http::trace::on_response: finished processing request latency=6 ms status=200
2026-06-25T14:54:15.206389Z  INFO request{method=GET uri=/require?clientname=api-middleware&servicename=user-profile-service&branch=main&path=%2fapi%2fv1%2fresource&method=GET version=HTTP/1.1}: tower_http::trace::on_response: finished processing request latency=5 ms status=200
2026-06-25T14:54:15.232205Z  INFO request{method=GET uri=/require?clientname=api-middleware&servicename=elastic-wrapper&branch=main&path=%2fsearch&method=GET version=HTTP/1.1}: tower_http::trace::on_response: finished processing request latency=4 ms status=200
2026-06-25T14:54:15.258936Z  INFO request{method=GET uri=/require?clientname=api-middleware&servicename=ml-inference&branch=main&path=%2fpredict&method=POST version=HTTP/1.1}: tower_http::trace::on_response: finished processing request latency=6 ms status=200
2026-06-25T14:54:15.284156Z  INFO request{method=GET uri=/require?clientname=etl-orchestrator&servicename=ingestion-stream-a&branch=main&path=%2fapi%2fv1%2fresource&method=GET version=HTTP/1.1}: tower_http::trace::on_response: finished processing request latency=6 ms status=200
2026-06-25T14:54:15.309650Z  INFO request{method=GET uri=/require?clientname=etl-orchestrator&servicename=ingestion-stream-b&branch=main&path=%2fapi%2fv1%2fresource&method=GET version=HTTP/1.1}: tower_http::trace::on_response: finished processing request latency=6 ms status=200
2026-06-25T14:54:15.332136Z  INFO request{method=GET uri=/require?clientname=etl-orchestrator&servicename=ingestion-legacy&branch=main&path=%2fapi%2fv1%2fresource&method=GET version=HTTP/1.1}: tower_http::trace::on_response: finished processing request latency=5 ms status=200
2026-06-25T14:54:15.356211Z  INFO request{method=GET uri=/require?clientname=etl-orchestrator&servicename=etl-cleaner&branch=main&path=%2fapi%2fv1%2fresource&method=POST version=HTTP/1.1}: tower_http::trace::on_response: finished processing request latency=7 ms status=200
2026-06-25T14:54:15.383040Z  INFO request{method=GET uri=/require?clientname=etl-orchestrator&servicename=etl-validator&branch=main&path=%2fapi%2fv1%2fresource&method=POST version=HTTP/1.1}: tower_http::trace::on_response: finished processing request latency=5 ms status=200
2026-06-25T14:54:15.409049Z  INFO request{method=GET uri=/require?clientname=etl-orchestrator&servicename=etl-geo&branch=main&path=%2fapi%2fv1%2fresource&method=POST version=HTTP/1.1}: tower_http::trace::on_response: finished processing request latency=6 ms status=200
2026-06-25T14:54:15.435846Z  INFO request{method=GET uri=/require?clientname=etl-orchestrator&servicename=etl-user-segment&branch=main&path=%2fapi%2fv1%2fresource&method=POST version=HTTP/1.1}: tower_http::trace::on_response: finished processing request latency=7 ms status=200
2026-06-25T14:54:15.460372Z  INFO request{method=GET uri=/require?clientname=etl-orchestrator&servicename=etl-purger&branch=main&path=%2fapi%2fv1%2fresource&method=POST version=HTTP/1.1}: tower_http::trace::on_response: finished processing request latency=6 ms status=200
2026-06-25T14:54:15.484663Z  INFO request{method=GET uri=/require?clientname=etl-orchestrator&servicename=postgres-wrapper&branch=main&path=%2fapi%2fv1%2fresource&method=POST version=HTTP/1.1}: tower_http::trace::on_response: finished processing request latency=6 ms status=200
2026-06-25T14:54:15.512797Z  INFO request{method=GET uri=/require?clientname=etl-orchestrator&servicename=kafka-wrapper&branch=main&path=%2fapi%2fv1%2fresource&method=POST version=HTTP/1.1}: tower_http::trace::on_response: finished processing request latency=6 ms status=200
2026-06-25T14:54:15.541498Z  INFO request{method=GET uri=/require?clientname=etl-cleaner&servicename=rule-engine&branch=main&path=%2fapi%2fv1%2fresource&method=GET version=HTTP/1.1}: tower_http::trace::on_response: finished processing request latency=6 ms status=200
2026-06-25T14:54:15.571872Z  INFO request{method=GET uri=/require?clientname=etl-geo&servicename=redis-wrapper&branch=main&path=%2fapi%2fv1%2fresource&method=GET version=HTTP/1.1}: tower_http::trace::on_response: finished processing request latency=5 ms status=200
2026-06-25T14:54:15.597951Z  INFO request{method=GET uri=/require?clientname=etl-user-segment&servicename=ml-inference&branch=main&path=%2fpredict&method=POST version=HTTP/1.1}: tower_http::trace::on_response: finished processing request latency=4 ms status=200
2026-06-25T14:54:15.621974Z  INFO request{method=GET uri=/require?clientname=ml-inference&servicename=ml-feature-store&branch=main&path=%2fapi%2fv1%2fresource&method=GET version=HTTP/1.1}: tower_http::trace::on_response: finished processing request latency=5 ms status=200
2026-06-25T14:54:15.645465Z  INFO request{method=GET uri=/require?clientname=ml-feature-store&servicename=postgres-wrapper&branch=main&path=%2fapi%2fv1%2fresource&method=GET version=HTTP/1.1}: tower_http::trace::on_response: finished processing request latency=6 ms status=200
2026-06-25T14:54:15.672776Z  INFO request{method=GET uri=/require?clientname=ml-training&servicename=postgres-wrapper&branch=main&path=%2fapi%2fv1%2fresource&method=GET version=HTTP/1.1}: tower_http::trace::on_response: finished processing request latency=6 ms status=200
2026-06-25T14:54:15.697659Z  INFO request{method=GET uri=/require?clientname=ml-training&servicename=ml-feature-store&branch=main&path=%2fapi%2fv1%2fresource&method=POST version=HTTP/1.1}: tower_http::trace::on_response: finished processing request latency=5 ms status=200
2026-06-25T14:54:15.722285Z  INFO request{method=GET uri=/require?clientname=ml-ab-testing&servicename=ml-inference&branch=main&path=%2fpredict&method=POST version=HTTP/1.1}: tower_http::trace::on_response: finished processing request latency=4 ms status=200
2026-06-25T14:54:15.745827Z  INFO request{method=GET uri=/require?clientname=export-s3&servicename=postgres-wrapper&branch=main&path=%2fapi%2fv1%2fresource&method=GET version=HTTP/1.1}: tower_http::trace::on_response: finished processing request latency=4 ms status=200
2026-06-25T14:54:15.772316Z  INFO request{method=GET uri=/require?clientname=export-bi&servicename=postgres-wrapper&branch=main&path=%2fapi%2fv1%2fresource&method=GET version=HTTP/1.1}: tower_http::trace::on_response: finished processing request latency=3 ms status=200
2026-06-25T14:54:15.797565Z  INFO request{method=GET uri=/require?clientname=export-partner&servicename=kafka-wrapper&branch=main&path=%2fapi%2fv1%2fresource&method=GET version=HTTP/1.1}: tower_http::trace::on_response: finished processing request latency=5 ms status=200
2026-06-25T14:54:15.822171Z  INFO request{method=GET uri=/require?clientname=elastic-wrapper&servicename=postgres-wrapper&branch=main&path=%2fapi%2fv1%2fresource&method=GET version=HTTP/1.1}: tower_http::trace::on_response: finished processing request latency=5 ms status=200
2026-06-25T14:54:15.848892Z  INFO request{method=GET uri=/require?clientname=postgres-wrapper&servicename=audit-service&branch=main&path=%2fapi%2fv1%2fresource&method=POST version=HTTP/1.1}: tower_http::trace::on_response: finished processing request latency=5 ms status=200
2026-06-25T14:54:15.872518Z  INFO request{method=GET uri=/require?clientname=api-middleware&servicename=config-service&branch=main&path=%2fapi%2fv1%2fresource&method=GET version=HTTP/1.1}: tower_http::trace::on_response: finished processing request latency=7 ms status=200
2026-06-25T14:54:15.897865Z  INFO request{method=GET uri=/require?clientname=api-middleware&servicename=secret-manager&branch=main&path=%2fapi%2fv1%2fresource&method=GET version=HTTP/1.1}: tower_http::trace::on_response: finished processing request latency=4 ms status=200
2026-06-25T14:54:15.923154Z  INFO request{method=GET uri=/require?clientname=monitoring-service&servicename=api-middleware&branch=main&path=%2fhealth&method=GET version=HTTP/1.1}: tower_http::trace::on_response: finished processing request latency=6 ms status=200
2026-06-25T14:54:15.948866Z  INFO request{method=GET uri=/require?clientname=monitoring-service&servicename=etl-orchestrator&branch=main&path=%2fhealth&method=GET version=HTTP/1.1}: tower_http::trace::on_response: finished processing request latency=4 ms status=200
2026-06-25T14:54:15.974342Z  INFO request{method=GET uri=/require?clientname=logging-aggregator&servicename=api-middleware&branch=main&path=%2fapi%2fv1%2fresource&method=GET version=HTTP/1.1}: tower_http::trace::on_response: finished processing request latency=5 ms status=200
2026-06-25T14:54:17.517701Z  INFO request{method=GET uri=/admin/observability/stats version=HTTP/1.1}: tower_http::trace::on_response: finished processing request latency=1 ms status=200
2026-06-25T14:54:17.522718Z  INFO request{method=GET uri=/admin/observability/logs version=HTTP/1.1}: tower_http::trace::on_response: finished processing request latency=2 ms status=200
2026-06-25T14:54:17.526715Z  INFO request{method=GET uri=/admin/observability/audit-logs version=HTTP/1.1}: tower_http::trace::on_response: finished processing request latency=3 ms status=200
2026-06-25T14:54:19.494688Z  INFO request{method=POST uri=/provide version=HTTP/1.1}: tower_http::trace::on_response: finished processing request latency=12 ms status=202
2026-06-25T14:54:19.526413Z  INFO request{method=POST uri=/provide/asyncapi version=HTTP/1.1}: tower_http::trace::on_response: finished processing request latency=11 ms status=202
2026-06-25T14:54:19.570596Z  INFO request{method=POST uri=/provide/grpc version=HTTP/1.1}: tower_http::trace::on_response: finished processing request latency=25 ms status=202
2026-06-25T14:54:19.600609Z  INFO request{method=POST uri=/provide/grpc version=HTTP/1.1}: tower_http::trace::on_response: finished processing request latency=12 ms status=202
2026-06-25T14:54:19.619665Z  INFO request{method=GET uri=/require/asyncapi?clientname=user-service&servicename=event-bus&branch=main&path=user-signups&method=PUB version=HTTP/1.1}: tower_http::trace::on_response: finished processing request latency=5 ms status=200
2026-06-25T14:54:19.640735Z  INFO request{method=GET uri=/require/grpc?clientname=api-gateway&servicename=user-service&branch=main&path=UserService&method=GetUser version=HTTP/1.1}: tower_http::trace::on_response: finished processing request latency=6 ms status=200
2026-06-25T14:54:19.662115Z  INFO request{method=GET uri=/require?clientname=order-service&servicename=api-gateway&branch=main&path=%2forders&method=POST version=HTTP/1.1}: tower_http::trace::on_response: finished processing request latency=5 ms status=200
2026-06-25T14:54:19.684884Z  INFO request{method=GET uri=/require/grpc?clientname=order-service&servicename=inventory-service&branch=main&path=InventoryService&method=CheckStock version=HTTP/1.1}: tower_http::trace::on_response: finished processing request latency=6 ms status=200
2026-06-25T14:54:19.707134Z  INFO request{method=GET uri=/require/asyncapi?clientname=order-service&servicename=event-bus&branch=main&path=order-events&method=PUB version=HTTP/1.1}: tower_http::trace::on_response: finished processing request latency=5 ms status=200
2026-06-25T14:54:19.728236Z  INFO request{method=GET uri=/require/asyncapi?clientname=analytics-service&servicename=event-bus&branch=main&path=user-signups&method=PUB version=HTTP/1.1}: tower_http::trace::on_response: finished processing request latency=4 ms status=200
2026-06-25T14:54:19.751667Z  INFO request{method=GET uri=/require/asyncapi?clientname=analytics-service&servicename=event-bus&branch=main&path=order-events&method=PUB version=HTTP/1.1}: tower_http::trace::on_response: finished processing request latency=5 ms status=200
2026-06-25T14:54:19.774018Z  INFO request{method=GET uri=/report/markdown?branch=main version=HTTP/1.1}: tower_http::trace::on_response: finished processing request latency=6 ms status=200
2026-06-25T14:54:22.517795Z  INFO request{method=GET uri=/admin/observability/stats version=HTTP/1.1}: tower_http::trace::on_response: finished processing request latency=1 ms status=200
2026-06-25T14:54:22.522087Z  INFO request{method=GET uri=/admin/observability/logs version=HTTP/1.1}: tower_http::trace::on_response: finished processing request latency=2 ms status=200
2026-06-25T14:54:22.525501Z  INFO request{method=GET uri=/admin/observability/audit-logs version=HTTP/1.1}: tower_http::trace::on_response: finished processing request latency=3 ms status=200
2026-06-25T14:54:27.517485Z  INFO request{method=GET uri=/admin/observability/stats version=HTTP/1.1}: tower_http::trace::on_response: finished processing request latency=1 ms status=200
2026-06-25T14:54:27.521462Z  INFO request{method=GET uri=/admin/observability/logs version=HTTP/1.1}: tower_http::trace::on_response: finished processing request latency=1 ms status=200
2026-06-25T14:54:27.525516Z  INFO request{method=GET uri=/admin/observability/audit-logs version=HTTP/1.1}: tower_http::trace::on_response: finished processing request latency=3 ms status=200
2026-06-25T14:54:32.580168Z  INFO request{method=GET uri=/admin/observability/stats version=HTTP/1.1}: tower_http::trace::on_response: finished processing request latency=1 ms status=200
2026-06-25T14:54:32.583333Z  INFO request{method=GET uri=/admin/observability/logs version=HTTP/1.1}: tower_http::trace::on_response: finished processing request latency=2 ms status=200
2026-06-25T14:54:32.589494Z  INFO request{method=GET uri=/admin/observability/audit-logs version=HTTP/1.1}: tower_http::trace::on_response: finished processing request latency=5 ms status=200
2026-06-25T14:54:37.581705Z  INFO request{method=GET uri=/admin/observability/stats version=HTTP/1.1}: tower_http::trace::on_response: finished processing request latency=2 ms status=200
2026-06-25T14:54:37.585644Z  INFO request{method=GET uri=/admin/observability/logs version=HTTP/1.1}: tower_http::trace::on_response: finished processing request latency=2 ms status=200
2026-06-25T14:54:37.590818Z  INFO request{method=GET uri=/admin/observability/audit-logs version=HTTP/1.1}: tower_http::trace::on_response: finished processing request latency=4 ms status=200
2026-06-25T14:54:42.621781Z  INFO request{method=GET uri=/admin/observability/stats version=HTTP/1.1}: tower_http::trace::on_response: finished processing request latency=1 ms status=200
2026-06-25T14:54:42.625363Z  INFO request{method=GET uri=/admin/observability/logs version=HTTP/1.1}: tower_http::trace::on_response: finished processing request latency=2 ms status=200
2026-06-25T14:54:42.630548Z  INFO request{method=GET uri=/admin/observability/audit-logs version=HTTP/1.1}: tower_http::trace::on_response: finished processing request latency=4 ms status=200
2026-06-25T14:54:47.621244Z  INFO request{method=GET uri=/admin/observability/stats version=HTTP/1.1}: tower_http::trace::on_response: finished processing request latency=1 ms status=200
2026-06-25T14:54:47.637382Z  INFO request{method=GET uri=/admin/observability/logs version=HTTP/1.1}: tower_http::trace::on_response: finished processing request latency=14 ms status=200
2026-06-25T14:54:47.642237Z  INFO request{method=GET uri=/admin/observability/audit-logs version=HTTP/1.1}: tower_http::trace::on_response: finished processing request latency=11 ms status=200
2026-06-25T14:54:52.626340Z  INFO request{method=GET uri=/admin/observability/stats version=HTTP/1.1}: tower_http::trace::on_response: finished processing request latency=2 ms status=200
2026-06-25T14:54:52.629158Z  INFO request{method=GET uri=/admin/observability/logs version=HTTP/1.1}: tower_http::trace::on_response: finished processing request latency=2 ms status=200
2026-06-25T14:54:52.640472Z  INFO request{method=GET uri=/admin/observability/audit-logs version=HTTP/1.1}: tower_http::trace::on_response: finished processing request latency=10 ms status=200
2026-06-25T14:54:57.627859Z  INFO request{method=GET uri=/admin/observability/stats version=HTTP/1.1}: tower_http::trace::on_response: finished processing request latency=3 ms status=200
2026-06-25T14:54:57.630568Z  INFO request{method=GET uri=/admin/observability/logs version=HTTP/1.1}: tower_http::trace::on_response: finished processing request latency=3 ms status=200
2026-06-25T14:54:57.642733Z  INFO request{method=GET uri=/admin/observability/audit-logs version=HTTP/1.1}: tower_http::trace::on_response: finished processing request latency=12 ms status=200
2026-06-25T14:55:02.650163Z  INFO request{method=GET uri=/admin/observability/stats version=HTTP/1.1}: tower_http::trace::on_response: finished processing request latency=1 ms status=200
2026-06-25T14:55:02.653682Z  INFO request{method=GET uri=/admin/observability/logs version=HTTP/1.1}: tower_http::trace::on_response: finished processing request latency=2 ms status=200
2026-06-25T14:55:02.657167Z  INFO request{method=GET uri=/admin/observability/audit-logs version=HTTP/1.1}: tower_http::trace::on_response: finished processing request latency=2 ms status=200
2026-06-25T14:55:07.652543Z  INFO request{method=GET uri=/admin/observability/stats version=HTTP/1.1}: tower_http::trace::on_response: finished processing request latency=1 ms status=200
2026-06-25T14:55:07.657098Z  INFO request{method=GET uri=/admin/observability/logs version=HTTP/1.1}: tower_http::trace::on_response: finished processing request latency=3 ms status=200
2026-06-25T14:55:07.661388Z  INFO request{method=GET uri=/admin/observability/audit-logs version=HTTP/1.1}: tower_http::trace::on_response: finished processing request latency=3 ms status=200
2026-06-25T14:55:12.651830Z  INFO request{method=GET uri=/admin/observability/stats version=HTTP/1.1}: tower_http::trace::on_response: finished processing request latency=1 ms status=200
2026-06-25T14:55:12.656740Z  INFO request{method=GET uri=/admin/observability/logs version=HTTP/1.1}: tower_http::trace::on_response: finished processing request latency=3 ms status=200
2026-06-25T14:55:12.661579Z  INFO request{method=GET uri=/admin/observability/audit-logs version=HTTP/1.1}: tower_http::trace::on_response: finished processing request latency=4 ms status=200
2026-06-25T14:55:17.651456Z  INFO request{method=GET uri=/admin/observability/stats version=HTTP/1.1}: tower_http::trace::on_response: finished processing request latency=2 ms status=200
2026-06-25T14:55:17.655585Z  INFO request{method=GET uri=/admin/observability/logs version=HTTP/1.1}: tower_http::trace::on_response: finished processing request latency=3 ms status=200
2026-06-25T14:55:17.658925Z  INFO request{method=GET uri=/admin/observability/audit-logs version=HTTP/1.1}: tower_http::trace::on_response: finished processing request latency=3 ms status=200
2026-06-25T14:55:22.700645Z  INFO request{method=GET uri=/admin/observability/stats version=HTTP/1.1}: tower_http::trace::on_response: finished processing request latency=1 ms status=200
2026-06-25T14:55:22.705861Z  INFO request{method=GET uri=/admin/observability/logs version=HTTP/1.1}: tower_http::trace::on_response: finished processing request latency=3 ms status=200
2026-06-25T14:55:22.710614Z  INFO request{method=GET uri=/admin/observability/audit-logs version=HTTP/1.1}: tower_http::trace::on_response: finished processing request latency=5 ms status=200
2026-06-25T14:55:27.699941Z  INFO request{method=GET uri=/admin/observability/stats version=HTTP/1.1}: tower_http::trace::on_response: finished processing request latency=1 ms status=200
2026-06-25T14:55:27.703855Z  INFO request{method=GET uri=/admin/observability/logs version=HTTP/1.1}: tower_http::trace::on_response: finished processing request latency=3 ms status=200
2026-06-25T14:55:27.708163Z  INFO request{method=GET uri=/admin/observability/audit-logs version=HTTP/1.1}: tower_http::trace::on_response: finished processing request latency=3 ms status=200
2026-06-25T14:55:32.721036Z  INFO request{method=GET uri=/admin/observability/stats version=HTTP/1.1}: tower_http::trace::on_response: finished processing request latency=1 ms status=200
2026-06-25T14:55:32.725055Z  INFO request{method=GET uri=/admin/observability/logs version=HTTP/1.1}: tower_http::trace::on_response: finished processing request latency=2 ms status=200
2026-06-25T14:55:32.730074Z  INFO request{method=GET uri=/admin/observability/audit-logs version=HTTP/1.1}: tower_http::trace::on_response: finished processing request latency=3 ms status=200
2026-06-25T14:55:37.720981Z  INFO request{method=GET uri=/admin/observability/stats version=HTTP/1.1}: tower_http::trace::on_response: finished processing request latency=1 ms status=200
2026-06-25T14:55:37.726518Z  INFO request{method=GET uri=/admin/observability/logs version=HTTP/1.1}: tower_http::trace::on_response: finished processing request latency=3 ms status=200
2026-06-25T14:55:37.730672Z  INFO request{method=GET uri=/admin/observability/audit-logs version=HTTP/1.1}: tower_http::trace::on_response: finished processing request latency=4 ms status=200
2026-06-25T14:55:42.769572Z  INFO request{method=GET uri=/admin/observability/stats version=HTTP/1.1}: tower_http::trace::on_response: finished processing request latency=1 ms status=200
2026-06-25T14:55:42.774893Z  INFO request{method=GET uri=/admin/observability/logs version=HTTP/1.1}: tower_http::trace::on_response: finished processing request latency=3 ms status=200
2026-06-25T14:55:42.778418Z  INFO request{method=GET uri=/admin/observability/audit-logs version=HTTP/1.1}: tower_http::trace::on_response: finished processing request latency=3 ms status=200
2026-06-25T14:55:47.770675Z  INFO request{method=GET uri=/admin/observability/stats version=HTTP/1.1}: tower_http::trace::on_response: finished processing request latency=1 ms status=200
2026-06-25T14:55:47.774464Z  INFO request{method=GET uri=/admin/observability/logs version=HTTP/1.1}: tower_http::trace::on_response: finished processing request latency=2 ms status=200
2026-06-25T14:55:47.777626Z  INFO request{method=GET uri=/admin/observability/audit-logs version=HTTP/1.1}: tower_http::trace::on_response: finished processing request latency=2 ms status=200
2026-06-25T14:55:52.820981Z  INFO request{method=GET uri=/admin/observability/stats version=HTTP/1.1}: tower_http::trace::on_response: finished processing request latency=2 ms status=200
2026-06-25T14:55:52.824644Z  INFO request{method=GET uri=/admin/observability/logs version=HTTP/1.1}: tower_http::trace::on_response: finished processing request latency=2 ms status=200
2026-06-25T14:55:52.828273Z  INFO request{method=GET uri=/admin/observability/audit-logs version=HTTP/1.1}: tower_http::trace::on_response: finished processing request latency=3 ms status=200
2026-06-25T14:55:57.821966Z  INFO request{method=GET uri=/admin/observability/stats version=HTTP/1.1}: tower_http::trace::on_response: finished processing request latency=2 ms status=200
2026-06-25T14:55:57.827748Z  INFO request{method=GET uri=/admin/observability/logs version=HTTP/1.1}: tower_http::trace::on_response: finished processing request latency=3 ms status=200
2026-06-25T14:55:57.833233Z  INFO request{method=GET uri=/admin/observability/audit-logs version=HTTP/1.1}: tower_http::trace::on_response: finished processing request latency=4 ms status=200
2026-06-25T14:56:02.821065Z  INFO request{method=GET uri=/admin/observability/stats version=HTTP/1.1}: tower_http::trace::on_response: finished processing request latency=2 ms status=200
2026-06-25T14:56:02.825571Z  INFO request{method=GET uri=/admin/observability/logs version=HTTP/1.1}: tower_http::trace::on_response: finished processing request latency=3 ms status=200
2026-06-25T14:56:02.830193Z  INFO request{method=GET uri=/admin/observability/audit-logs version=HTTP/1.1}: tower_http::trace::on_response: finished processing request latency=4 ms status=200
2026-06-25T14:56:07.824045Z  INFO request{method=GET uri=/admin/observability/stats version=HTTP/1.1}: tower_http::trace::on_response: finished processing request latency=1 ms status=200
2026-06-25T14:56:07.828868Z  INFO request{method=GET uri=/admin/observability/logs version=HTTP/1.1}: tower_http::trace::on_response: finished processing request latency=3 ms status=200
2026-06-25T14:56:07.833429Z  INFO request{method=GET uri=/admin/observability/audit-logs version=HTTP/1.1}: tower_http::trace::on_response: finished processing request latency=4 ms status=200
2026-06-25T14:56:12.860528Z  INFO request{method=GET uri=/admin/observability/stats version=HTTP/1.1}: tower_http::trace::on_response: finished processing request latency=1 ms status=200
2026-06-25T14:56:12.865751Z  INFO request{method=GET uri=/admin/observability/logs version=HTTP/1.1}: tower_http::trace::on_response: finished processing request latency=3 ms status=200
2026-06-25T14:56:12.869715Z  INFO request{method=GET uri=/admin/observability/audit-logs version=HTTP/1.1}: tower_http::trace::on_response: finished processing request latency=2 ms status=200
2026-06-25T14:56:17.857020Z  INFO request{method=GET uri=/admin/observability/stats version=HTTP/1.1}: tower_http::trace::on_response: finished processing request latency=1 ms status=200
2026-06-25T14:56:17.860799Z  INFO request{method=GET uri=/admin/observability/logs version=HTTP/1.1}: tower_http::trace::on_response: finished processing request latency=2 ms status=200
2026-06-25T14:56:17.865527Z  INFO request{method=GET uri=/admin/observability/audit-logs version=HTTP/1.1}: tower_http::trace::on_response: finished processing request latency=3 ms status=200
2026-06-25T14:56:22.906296Z  INFO request{method=GET uri=/admin/observability/stats version=HTTP/1.1}: tower_http::trace::on_response: finished processing request latency=1 ms status=200
2026-06-25T14:56:22.910251Z  INFO request{method=GET uri=/admin/observability/logs version=HTTP/1.1}: tower_http::trace::on_response: finished processing request latency=2 ms status=200
2026-06-25T14:56:22.914536Z  INFO request{method=GET uri=/admin/observability/audit-logs version=HTTP/1.1}: tower_http::trace::on_response: finished processing request latency=3 ms status=200
2026-06-25T14:56:27.907063Z  INFO request{method=GET uri=/admin/observability/stats version=HTTP/1.1}: tower_http::trace::on_response: finished processing request latency=2 ms status=200
2026-06-25T14:56:27.910541Z  INFO request{method=GET uri=/admin/observability/logs version=HTTP/1.1}: tower_http::trace::on_response: finished processing request latency=3 ms status=200
2026-06-25T14:56:27.914609Z  INFO request{method=GET uri=/admin/observability/audit-logs version=HTTP/1.1}: tower_http::trace::on_response: finished processing request latency=4 ms status=200
2026-06-25T14:56:32.939366Z  INFO request{method=GET uri=/admin/observability/stats version=HTTP/1.1}: tower_http::trace::on_response: finished processing request latency=1 ms status=200
2026-06-25T14:56:32.943755Z  INFO request{method=GET uri=/admin/observability/logs version=HTTP/1.1}: tower_http::trace::on_response: finished processing request latency=3 ms status=200
2026-06-25T14:56:32.947820Z  INFO request{method=GET uri=/admin/observability/audit-logs version=HTTP/1.1}: tower_http::trace::on_response: finished processing request latency=2 ms status=200
2026-06-25T14:56:37.938881Z  INFO request{method=GET uri=/admin/observability/stats version=HTTP/1.1}: tower_http::trace::on_response: finished processing request latency=1 ms status=200
2026-06-25T14:56:37.943393Z  INFO request{method=GET uri=/admin/observability/logs version=HTTP/1.1}: tower_http::trace::on_response: finished processing request latency=3 ms status=200
2026-06-25T14:56:37.947252Z  INFO request{method=GET uri=/admin/observability/audit-logs version=HTTP/1.1}: tower_http::trace::on_response: finished processing request latency=4 ms status=200
2026-06-25T14:56:42.938942Z  INFO request{method=GET uri=/admin/observability/stats version=HTTP/1.1}: tower_http::trace::on_response: finished processing request latency=1 ms status=200
2026-06-25T14:56:42.943508Z  INFO request{method=GET uri=/admin/observability/logs version=HTTP/1.1}: tower_http::trace::on_response: finished processing request latency=3 ms status=200
2026-06-25T14:56:42.952484Z  INFO request{method=GET uri=/admin/observability/audit-logs version=HTTP/1.1}: tower_http::trace::on_response: finished processing request latency=9 ms status=200
2026-06-25T14:56:47.939854Z  INFO request{method=GET uri=/admin/observability/stats version=HTTP/1.1}: tower_http::trace::on_response: finished processing request latency=1 ms status=200
2026-06-25T14:56:47.944019Z  INFO request{method=GET uri=/admin/observability/logs version=HTTP/1.1}: tower_http::trace::on_response: finished processing request latency=2 ms status=200
2026-06-25T14:56:47.949241Z  INFO request{method=GET uri=/admin/observability/audit-logs version=HTTP/1.1}: tower_http::trace::on_response: finished processing request latency=5 ms status=200
2026-06-25T14:56:52.939473Z  INFO request{method=GET uri=/admin/observability/stats version=HTTP/1.1}: tower_http::trace::on_response: finished processing request latency=1 ms status=200
2026-06-25T14:56:52.943160Z  INFO request{method=GET uri=/admin/observability/logs version=HTTP/1.1}: tower_http::trace::on_response: finished processing request latency=2 ms status=200
2026-06-25T14:56:52.946555Z  INFO request{method=GET uri=/admin/observability/audit-logs version=HTTP/1.1}: tower_http::trace::on_response: finished processing request latency=2 ms status=200
2026-06-25T14:56:57.940172Z  INFO request{method=GET uri=/admin/observability/stats version=HTTP/1.1}: tower_http::trace::on_response: finished processing request latency=1 ms status=200
2026-06-25T14:56:57.943523Z  INFO request{method=GET uri=/admin/observability/logs version=HTTP/1.1}: tower_http::trace::on_response: finished processing request latency=2 ms status=200
2026-06-25T14:56:57.946562Z  INFO request{method=GET uri=/admin/observability/audit-logs version=HTTP/1.1}: tower_http::trace::on_response: finished processing request latency=2 ms status=200
2026-06-25T14:57:02.940187Z  INFO request{method=GET uri=/admin/observability/stats version=HTTP/1.1}: tower_http::trace::on_response: finished processing request latency=1 ms status=200
2026-06-25T14:57:02.942822Z  INFO request{method=GET uri=/admin/observability/logs version=HTTP/1.1}: tower_http::trace::on_response: finished processing request latency=1 ms status=200
2026-06-25T14:57:02.949455Z  INFO request{method=GET uri=/admin/observability/audit-logs version=HTTP/1.1}: tower_http::trace::on_response: finished processing request latency=3 ms status=200
2026-06-25T14:57:05.132263Z  INFO sanshain_service: signal received, starting graceful shutdown
