   Compiling zerocopy v0.8.49
   Compiling bitflags v2.11.1
   Compiling deranged v0.5.8
   Compiling time-macros v0.2.27
   Compiling base64 v0.22.1
   Compiling url v2.5.8
   Compiling tokio-stream v0.1.18
   Compiling either v1.16.0
   Compiling raw-cpuid v11.6.0
   Compiling rustc-hash v2.1.2
   Compiling askama_parser v0.15.6
   Compiling tower v0.5.3
   Compiling tower-http v0.6.11
   Compiling sqlx-core v0.8.6
   Compiling axum v0.8.9
   Compiling time v0.3.47
   Compiling quanta v0.12.6
   Compiling asn1-rs v0.7.2
   Compiling sqlx-sqlite v0.8.6
   Compiling askama_derive v0.15.6
   Compiling ppv-lite86 v0.2.21
   Compiling oid-registry v0.8.1
   Compiling rand_chacha v0.9.0
   Compiling rand_chacha v0.3.1
   Compiling der-parser v10.0.0
   Compiling rand v0.9.4
   Compiling rand v0.8.6
   Compiling x509-parser v0.18.1
   Compiling metrics-util v0.20.4
   Compiling sqlx-postgres v0.8.6
   Compiling metrics-exporter-prometheus v0.18.3
   Compiling ldap3 v0.12.1
   Compiling askama_macros v0.15.6
   Compiling askama v0.15.6
   Compiling axum-prometheus v0.10.0
   Compiling sqlx v0.8.6
   Compiling sanshain_service v1.2.0 (/home/axel/develop/Sanshain/SanshainService)
    Finished `dev` profile [unoptimized + debuginfo] target(s) in 46.64s
     Running `target/debug/sanshain_service`
{"timestamp":"2026-05-27T17:25:47.430167Z","level":"INFO","fields":{"message":"Running SQLite migrations..."},"target":"sanshain_service::infrastructure::sqlite_repository"}
{"timestamp":"2026-05-27T17:25:47.443427Z","level":"INFO","fields":{"message":"Using SQLite database backend"},"target":"sanshain_service"}
{"timestamp":"2026-05-27T17:25:47.444843Z","level":"INFO","fields":{"message":"In-memory cache enabled with 256 MB limit"},"target":"sanshain_service"}
[INITIAL SETUP] Admin user created. Username: root, Password: root_password
[INITIAL SETUP] Change this password immediately at http://localhost:3000/admin.html
{"timestamp":"2026-05-27T17:25:48.127185Z","level":"INFO","fields":{"message":"Instance ID: 34fe5bf6-0c58-40d5-89e2-c764deb06dc9"},"target":"sanshain_service"}
{"timestamp":"2026-05-27T17:25:48.727397Z","level":"INFO","fields":{"message":"Listening on 127.0.0.1:3001"},"target":"sanshain_service"}
{"timestamp":"2026-05-27T17:25:50.269461Z","level":"WARN","fields":{"message":"Client error: Unauthorized"},"target":"sanshain_service::presentation"}
{"timestamp":"2026-05-27T17:25:51.055749Z","level":"INFO","fields":{"message":"Spec update is backward-compatible for protected branch 'main'"},"target":"sanshain_service::application::spec_service"}
{"timestamp":"2026-05-27T17:25:51.090799Z","level":"WARN","fields":{"message":"Skipping 1 SUB operation(s) for service 'itest-svc-1779902750' branch 'main': subscribe channels [\"user/signup\"] are not stored via /provide. Declare them as 'requires' in sanshain.yaml instead."},"target":"sanshain_service::application::spec_service"}
{"timestamp":"2026-05-27T17:25:51.153674Z","level":"WARN","fields":{"message":"Client error: Endpoint not found: GET /missing (service: itest-svc-1779902750, branch: main)"},"target":"sanshain_service::presentation"}
{"timestamp":"2026-05-27T17:25:51.357965Z","level":"INFO","fields":{"message":"Spec update is backward-compatible for protected branch 'main'"},"target":"sanshain_service::application::spec_service"}
{"timestamp":"2026-05-27T17:25:51.397926Z","level":"WARN","fields":{"message":"Client error: Outdated spec version: your base version is 1, but current version is 2. Pull latest changes."},"target":"sanshain_service::presentation"}
{"timestamp":"2026-05-27T17:25:51.431098Z","level":"INFO","fields":{"message":"Spec update is backward-compatible for protected branch 'main'"},"target":"sanshain_service::application::spec_service"}
{"timestamp":"2026-05-27T17:25:51.580969Z","level":"WARN","fields":{"message":"Rejected shared endpoint modification: Response status '200' was removed from GET /shared"},"target":"sanshain_service::application::spec_service"}
{"timestamp":"2026-05-27T17:25:51.581272Z","level":"WARN","fields":{"message":"Client error: Breaking change for shared endpoint GET /shared on branch 'feat-shared-1779902750' (compared to source version): Response status '200' was removed from GET /shared"},"target":"sanshain_service::presentation"}
{"timestamp":"2026-05-27T17:25:51.615706Z","level":"WARN","fields":{"message":"Rejected shared endpoint modification: Response status '200' was removed from GET /shared"},"target":"sanshain_service::application::spec_service"}
{"timestamp":"2026-05-27T17:25:51.615906Z","level":"WARN","fields":{"message":"Client error: Breaking change for shared endpoint GET /shared on branch 'feat-shared-1779902750' (compared to source version): Response status '200' was removed from GET /shared"},"target":"sanshain_service::presentation"}
{"timestamp":"2026-05-27T17:25:52.040554Z","level":"WARN","fields":{"message":"Client error: Invalid confirmation"},"target":"sanshain_service::presentation"}
{"timestamp":"2026-05-27T17:25:52.222896Z","level":"WARN","fields":{"message":"Client error: Force mode is not allowed on protected branches."},"target":"sanshain_service::presentation"}
{"timestamp":"2026-05-27T17:25:52.330225Z","level":"WARN","fields":{"message":"Rejected shared endpoint modification: Response status '200' was removed from GET /onboard"},"target":"sanshain_service::application::spec_service"}
{"timestamp":"2026-05-27T17:25:52.330422Z","level":"WARN","fields":{"message":"Client error: Breaking change for shared endpoint GET /onboard on branch 'feature-onboard2-1779902750' (compared to source version): Response status '200' was removed from GET /onboard"},"target":"sanshain_service::presentation"}
{"timestamp":"2026-05-27T17:26:00.078065Z","level":"INFO","fields":{"message":"signal received, starting graceful shutdown"},"target":"sanshain_service"}
